client/src/pages/ProgressReports.tsx(345,29): error TS2322: Type '(customUserId?: string) => Promise<void>' is not assignable to type 'MouseEventHandler<HTMLButtonElement>'.
  Types of parameters 'customUserId' and 'event' are incompatible.
    Type 'MouseEvent<HTMLButtonElement, MouseEvent>' is not assignable to type 'string'.
client/src/pages/ProgressReports.tsx(663,142): error TS18047: 'r.score' is possibly 'null'.
client/src/pages/ProgressReports.tsx(663,152): error TS18047: 'r.total' is possibly 'null'.
client/src/pages/ProgressReports.tsx(666,137): error TS18047: 'r.score' is possibly 'null'.
client/src/pages/ProgressReports.tsx(666,147): error TS18047: 'r.total' is possibly 'null'.
client/src/pages/ProgressReports.tsx(666,177): error TS18047: 'r.score' is possibly 'null'.
client/src/pages/ProgressReports.tsx(666,187): error TS18047: 'r.total' is possibly 'null'.
client/src/pages/ProgressReports.tsx(667,72): error TS18047: 'r.score' is possibly 'null'.
client/src/pages/ProgressReports.tsx(667,82): error TS18047: 'r.total' is possibly 'null'.
server/replit_integrations/chat/routes.ts(221,34): error TS2345: Argument of type 'string | string[]' is not assignable to parameter of type 'string'.
  Type 'string[]' is not assignable to type 'string'.
server/replit_integrations/chat/routes.ts(253,34): error TS2345: Argument of type 'string | string[]' is not assignable to parameter of type 'string'.
  Type 'string[]' is not assignable to type 'string'.
