client/src/App.tsx(88,1): error TS1160: Unterminated template literal.
