client/src/pages/RecordedClasses.tsx(313,41): error TS2322: Type 'string | null' is not assignable to type 'string | undefined'.
  Type 'null' is not assignable to type 'string | undefined'.
client/src/pages/Streaks.tsx(2,10): error TS2305: Module '"@/data/mockData"' has no exported member 'streakData'.
client/src/pages/Streaks.tsx(60,51): error TS7006: Parameter 'day' implicitly has an 'any' type.
client/src/pages/Streaks.tsx(60,56): error TS7006: Parameter 'i' implicitly has an 'any' type.
client/src/pages/VirtualTours.tsx(2,10): error TS2305: Module '"@/data/mockData"' has no exported member 'virtualTours'.
client/src/pages/VirtualTours.tsx(25,36): error TS7006: Parameter 'tour' implicitly has an 'any' type.
server/replit_integrations/batch/utils.ts(110,30): error TS2339: Property 'AbortError' does not exist on type '<T>(input: (attemptNumber: number) => T | PromiseLike<T>, options?: Options | undefined) => Promise<T>'.
server/replit_integrations/batch/utils.ts(159,32): error TS2339: Property 'AbortError' does not exist on type '<T>(input: (attemptNumber: number) => T | PromiseLike<T>, options?: Options | undefined) => Promise<T>'.
server/replit_integrations/image/client.ts(44,18): error TS18048: 'response.data' is possibly 'undefined'.
server/replit_integrations/image/client.ts(71,23): error TS18048: 'response.data' is possibly 'undefined'.
