client/src/pages/Dashboard.tsx(89,124): error TS2322: Type '{ value: number; className: string; indicatorClassName: string; }' is not assignable to type 'IntrinsicAttributes & Omit<ProgressProps & RefAttributes<HTMLDivElement>, "ref"> & RefAttributes<HTMLDivElement>'.
  Property 'indicatorClassName' does not exist on type 'IntrinsicAttributes & Omit<ProgressProps & RefAttributes<HTMLDivElement>, "ref"> & RefAttributes<HTMLDivElement>'.
client/src/pages/Dashboard.tsx(152,21): error TS2322: Type '"link"' is not assignable to type '"default" | "destructive" | "outline" | "secondary" | "ghost" | null | undefined'.
client/src/pages/ForgotPassword.tsx(79,33): error TS2322: Type '"link"' is not assignable to type '"default" | "destructive" | "outline" | "secondary" | "ghost" | null | undefined'.
client/src/pages/Quizzes.tsx(355,101): error TS2322: Type '{ value: string; id: string; checked: boolean; readOnly: true; }' is not assignable to type 'IntrinsicAttributes & Omit<RadioGroupItemProps & RefAttributes<HTMLButtonElement>, "ref"> & RefAttributes<...>'.
  Property 'readOnly' does not exist on type 'IntrinsicAttributes & Omit<RadioGroupItemProps & RefAttributes<HTMLButtonElement>, "ref"> & RefAttributes<...>'.
client/src/pages/WeeklyTest.tsx(150,18): error TS2304: Cannot find name 'Badge'.
client/src/pages/WeeklyTest.tsx(152,19): error TS2304: Cannot find name 'Badge'.
server/replit_integrations/audio/routes.ts(23,27): error TS2345: Argument of type 'string | string[]' is not assignable to parameter of type 'string'.
  Type 'string[]' is not assignable to type 'string'.
server/replit_integrations/audio/routes.ts(51,27): error TS2345: Argument of type 'string | string[]' is not assignable to parameter of type 'string'.
  Type 'string[]' is not assignable to type 'string'.
server/replit_integrations/audio/routes.ts(65,39): error TS2345: Argument of type 'string | string[]' is not assignable to parameter of type 'string'.
  Type 'string[]' is not assignable to type 'string'.
server/replit_integrations/batch/utils.ts(110,30): error TS2339: Property 'AbortError' does not exist on type '<T>(input: (attemptNumber: number) => T | PromiseLike<T>, options?: Options | undefined) => Promise<T>'.
server/replit_integrations/batch/utils.ts(159,32): error TS2339: Property 'AbortError' does not exist on type '<T>(input: (attemptNumber: number) => T | PromiseLike<T>, options?: Options | undefined) => Promise<T>'.
server/replit_integrations/chat/routes.ts(31,27): error TS2345: Argument of type 'string | string[]' is not assignable to parameter of type 'string'.
  Type 'string[]' is not assignable to type 'string'.
server/replit_integrations/chat/routes.ts(59,27): error TS2345: Argument of type 'string | string[]' is not assignable to parameter of type 'string'.
  Type 'string[]' is not assignable to type 'string'.
server/replit_integrations/chat/routes.ts(71,39): error TS2345: Argument of type 'string | string[]' is not assignable to parameter of type 'string'.
  Type 'string[]' is not assignable to type 'string'.
server/replit_integrations/image/client.ts(30,18): error TS18048: 'response.data' is possibly 'undefined'.
server/replit_integrations/image/client.ts(57,23): error TS18048: 'response.data' is possibly 'undefined'.
